-------------------------------------------------------------------------------
      name:  <unnamed>
       log:  /Users/leiqixiang/Library/CloudStorage/OneDrive-个人/Project/Cherr
> y_Agent_DA/260509_dataanalysis/C3_external_match.log
  log type:  text
 opened on:  16 May 2026, 15:27:06

. 
. di "Stage 3: External Data Matching"
Stage 3: External Data Matching

. di "=================================================="
==================================================

. di "Matching anchorage open status + weather forecast to bunkering transactio
> ns"
Matching anchorage open status + weather forecast to bunkering transactions

. 
. * ============================================================
. * Step A: Build closure frequency table (anchorage + weather)
. * ============================================================
. di ""


. di "Step A: Building closure frequency table..."
Step A: Building closure frequency table...

. use "气象预报.dta", clear

. merge 1:1 port date_numeric hour using "锚地开放.dta"

    Result                      Number of obs
    -----------------------------------------
    Not matched                         4,704
        from master                         0  (_merge==1)
        from using                      4,704  (_merge==2)

    Matched                            71,976  (_merge==3)
    -----------------------------------------

. di "  Weather + anchorage merge:"
  Weather + anchorage merge:

. tab _merge

   Matching result from |
                  merge |      Freq.     Percent        Cum.
------------------------+-----------------------------------
         Using only (2) |      4,704        6.13        6.13
            Matched (3) |     71,976       93.87      100.00
------------------------+-----------------------------------
                  Total |     76,680      100.00

. keep if _merge == 3
(4,704 observations deleted)

. drop _merge

. gen is_closed = (status == "Closed")

. collapse (mean) closure_freq = is_closed (count) n_obs = is_closed, by(port 
> 气象指数)

. rename 气象指数 weather_idx

. di "Closure frequency by (port, weather_idx):"
Closure frequency by (port, weather_idx):

. list, sepby(port) noobs

  +--------------------------------------+
  |   port   weathe~x   closur~q   n_obs |
  |--------------------------------------|
  | 条帚门          1   .7963287    3432 |
  | 条帚门          2   .3620545    4770 |
  | 条帚门          3   .1912568     366 |
  | 条帚门          4   .1992455    5832 |
  |--------------------------------------|
  | 秀山东          1   .5568445    2586 |
  | 秀山东          2   .1631111    4500 |
  | 秀山东          3   .0628019     828 |
  | 秀山东          4   .0609004    6486 |
  |--------------------------------------|
  | 虾峙门          1    .778339    3564 |
  | 虾峙门          2   .3526448    4764 |
  | 虾峙门          3   .1901042     384 |
  | 虾峙门          4   .1981364    5688 |
  |--------------------------------------|
  |   衢山          1    .739726    3504 |
  |   衢山          2   .2800163    4914 |
  |   衢山          3   .2083333     552 |
  |   衢山          4   .0952645    5406 |
  |--------------------------------------|
  |   马峙          1   .6316872    1458 |
  |   马峙          2    .163142    3972 |
  |   马峙          3   .0935673    1026 |
  |   马峙          4    .064577    7944 |
  +--------------------------------------+

. tempfile closure_freq

. save `closure_freq'
file /var/folders/pn/bh_wd1k132lg9xntnp92pg5r0000gn/T//St71850.000002 saved
    as .dta format

. 
. * ============================================================
. * Step B: Expand bunkering data (shared expansion, done once)
. * ============================================================
. di ""


. di "Step B: Loading and expanding bunkering data..."
Step B: Loading and expanding bunkering data...

. import excel "3_bunkering_final.xlsx", firstrow clear
(49 vars, 1,543 obs)

. di "  Transactions: " _N
  Transactions: 1543

. 
. gen startdate_num = date(startdate, "DMY")

. format startdate_num %td

. drop if missing(startdate_num)
(0 observations deleted)

. 
. gen ref_hours = 24 * startdate_num + starthour

. 
. gen has_port = (port != "" & port != ".")

. keep if has_port == 1
(2 observations deleted)

. drop has_port

. di "  Transactions with valid port: " _N
  Transactions with valid port: 1541

. 
. gen row_id = _n

. expand 49
(73,968 observations created)

. bysort row_id: gen offset = _n - 25

. di "  Rows after expansion: " _N
  Rows after expansion: 75509

. 
. gen lookup_hours = ref_hours + offset

. gen lookup_date = floor(lookup_hours / 24)

. gen lookup_hour = mod(lookup_hours, 24)

. format lookup_date %td

. 
. keep row_id transaction_id port offset lookup_date lookup_hour

. tempfile expanded

. save `expanded'
file /var/folders/pn/bh_wd1k132lg9xntnp92pg5r0000gn/T//St71850.000003 saved
    as .dta format

. 
. * ============================================================
. * Step C: Match anchorage open data
. * ============================================================
. di ""


. di "Step C: Matching anchorage open data..."
Step C: Matching anchorage open data...

. use "锚地开放.dta", clear

. di "  Anchorage observations: " _N
  Anchorage observations: 76680

. rename date_numeric lookup_date

. rename hour lookup_hour

. capture confirm string variable port

. if _rc != 0 {
.     destring port, replace
. }

. keep lookup_date lookup_hour port status

. tempfile anchorage

. save `anchorage'
file /var/folders/pn/bh_wd1k132lg9xntnp92pg5r0000gn/T//St71850.000004 saved
    as .dta format

. 
. use `expanded', clear

. merge m:1 lookup_date lookup_hour port using `anchorage'

    Result                      Number of obs
    -----------------------------------------
    Not matched                        47,657
        from master                     6,566  (_merge==1)
        from using                     41,091  (_merge==2)

    Matched                            68,943  (_merge==3)
    -----------------------------------------

. di "  Anchorage merge:"
  Anchorage merge:

. tab _merge

   Matching result from |
                  merge |      Freq.     Percent        Cum.
------------------------+-----------------------------------
        Master only (1) |      6,566        5.63        5.63
         Using only (2) |     41,091       35.24       40.87
            Matched (3) |     68,943       59.13      100.00
------------------------+-----------------------------------
                  Total |    116,600      100.00

. gen is_open = (_merge == 3 & status == "Open")

. drop _merge status

. tempfile expanded_anch

. save `expanded_anch'
file /var/folders/pn/bh_wd1k132lg9xntnp92pg5r0000gn/T//St71850.000005 saved
    as .dta format

. 
. * ============================================================
. * Step D: Match weather forecast data
. * ============================================================
. di ""


. di "Step D: Matching weather forecast data..."
Step D: Matching weather forecast data...

. use "气象预报.dta", clear

. rename date_numeric lookup_date

. rename hour lookup_hour

. rename 气象指数 weather_idx

. keep lookup_date lookup_hour port weather_idx

. tempfile weather

. save `weather'
file /var/folders/pn/bh_wd1k132lg9xntnp92pg5r0000gn/T//St71850.000006 saved
    as .dta format

. 
. use `expanded_anch', clear

. merge m:1 lookup_date lookup_hour port using `weather'

    Result                      Number of obs
    -----------------------------------------
    Not matched                        11,899
        from master                    11,899  (_merge==1)
        from using                          0  (_merge==2)

    Matched                           104,701  (_merge==3)
    -----------------------------------------

. di "  Weather merge:"
  Weather merge:

. tab _merge

   Matching result from |
                  merge |      Freq.     Percent        Cum.
------------------------+-----------------------------------
        Master only (1) |     11,899       10.20       10.20
            Matched (3) |    104,701       89.80      100.00
------------------------+-----------------------------------
                  Total |    116,600      100.00

. gen has_weather = (_merge == 3)

. gen is_open_v1 = (_merge == 3 & weather_idx >= 2)

. drop _merge

. save `expanded_anch', replace
file /var/folders/pn/bh_wd1k132lg9xntnp92pg5r0000gn/T//St71850.000005 saved
    as .dta format

. 
. * Merge closure frequency for V2 computation
. merge m:1 port weather_idx using `closure_freq'

    Result                      Number of obs
    -----------------------------------------
    Not matched                        11,899
        from master                    11,899  (_merge==1)
        from using                          0  (_merge==2)

    Matched                           104,701  (_merge==3)
    -----------------------------------------

. di "  Closure freq merge:"
  Closure freq merge:

. tab _merge

   Matching result from |
                  merge |      Freq.     Percent        Cum.
------------------------+-----------------------------------
        Master only (1) |     11,899       10.20       10.20
            Matched (3) |    104,701       89.80      100.00
------------------------+-----------------------------------
                  Total |    116,600      100.00

. di "  Observations with weather info (any merge type): " _N
  Observations with weather info (any merge type): 116600

. gen open_prob_v2 = 1 - closure_freq if !missing(closure_freq) & has_weather
(11,899 missing values generated)

. drop _merge closure_freq n_obs has_weather

. 
. * ============================================================
. * Step E: Compute open hour variables
. * ============================================================
. di ""


. di "Step E: Computing open hour variables..."
Step E: Computing open hour variables...

. 
. bysort row_id: egen openhour_6 = total(is_open * (abs(offset) <= 6))

. bysort row_id: egen openhour_12 = total(is_open * (abs(offset) <= 12))

. bysort row_id: egen openhour_24 = total(is_open * (abs(offset) <= 24))

. 
. bysort row_id: egen openhourf_6_v1 = total(is_open_v1 * (abs(offset) <= 6))

. bysort row_id: egen openhourf_12_v1 = total(is_open_v1 * (abs(offset) <= 12))

. bysort row_id: egen openhourf_24_v1 = total(is_open_v1 * (abs(offset) <= 24))

. 
. bysort row_id: egen openhourf_6_v2 = total(open_prob_v2 * (abs(offset) <= 6))

. bysort row_id: egen openhourf_12_v2 = total(open_prob_v2 * (abs(offset) <= 12
> ))

. bysort row_id: egen openhourf_24_v2 = total(open_prob_v2 * (abs(offset) <= 24
> ))

. 
. di "Collapsing back to transaction level..."
Collapsing back to transaction level...

. keep row_id transaction_id openhour_6 openhour_12 openhour_24 ///
>     openhourf_6_v1 openhourf_12_v1 openhourf_24_v1 ///
>     openhourf_6_v2 openhourf_12_v2 openhourf_24_v2

. bysort row_id: keep if _n == 1
(115,058 observations deleted)

. drop row_id

. di "  Transactions with match data: " _N
  Transactions with match data: 1542

. 
. tempfile match_vars

. save `match_vars'
file /var/folders/pn/bh_wd1k132lg9xntnp92pg5r0000gn/T//St71850.000007 saved
    as .dta format

. 
. * ============================================================
. * Step F: Merge back to bunkering data and save
. * ============================================================
. di ""


. di "Step F: Merging results back to bunkering data..."
Step F: Merging results back to bunkering data...

. import excel "3_bunkering_final.xlsx", firstrow clear
(49 vars, 1,543 obs)

. merge 1:1 transaction_id using `match_vars'

    Result                      Number of obs
    -----------------------------------------
    Not matched                             3
        from master                         2  (_merge==1)
        from using                          1  (_merge==2)

    Matched                             1,541  (_merge==3)
    -----------------------------------------

. di "  Final merge:"
  Final merge:

. tab _merge

   Matching result from |
                  merge |      Freq.     Percent        Cum.
------------------------+-----------------------------------
        Master only (1) |          2        0.13        0.13
         Using only (2) |          1        0.06        0.19
            Matched (3) |      1,541       99.81      100.00
------------------------+-----------------------------------
                  Total |      1,544      100.00

. drop _merge

. 
. * Fill missing values with 0 for valid-port transactions
. foreach var in openhour_6 openhour_12 openhour_24 ///
>     openhourf_6_v1 openhourf_12_v1 openhourf_24_v1 ///
>     openhourf_6_v2 openhourf_12_v2 openhourf_24_v2 {
  2.     replace `var' = 0 if missing(`var') & port != "" & port != "."
  3. }
(0 real changes made)
(0 real changes made)
(0 real changes made)
(0 real changes made)
(0 real changes made)
(0 real changes made)
(0 real changes made)
(0 real changes made)
(0 real changes made)

. 
. di ""


. di "Summary — Anchorage open hours:"
Summary — Anchorage open hours:

. summarize openhour_6 openhour_12 openhour_24

    Variable |        Obs        Mean    Std. dev.       Min        Max
-------------+---------------------------------------------------------
  openhour_6 |      1,542    9.214656     5.44514          0         13
 openhour_12 |      1,542     17.7179    9.857001          0         25
 openhour_24 |      1,542     34.4546    17.61633          0         49

. 
. di ""


. di "Summary — Weather forecast (V1 threshold):"
Summary — Weather forecast (V1 threshold):

. summarize openhourf_6_v1 openhourf_12_v1 openhourf_24_v1

    Variable |        Obs        Mean    Std. dev.       Min        Max
-------------+---------------------------------------------------------
openhou~6_v1 |      1,542    9.553178     5.36743          0         13
openhou~2_v1 |      1,542    18.38716    9.675858          0         25
openhou~4_v1 |      1,542    36.00519    17.41444          0         49

. 
. di ""


. di "Summary — Weather forecast (V2 probability):"
Summary — Weather forecast (V2 probability):

. summarize openhourf_6_v2 openhourf_12_v2 openhourf_24_v2

    Variable |        Obs        Mean    Std. dev.       Min        Max
-------------+---------------------------------------------------------
openhou~6_v2 |      1,542    8.203812    3.857125          0   12.20829
openhou~2_v2 |      1,542     15.7783    7.187134          0   23.47749
openhou~4_v2 |      1,542    30.89894    13.46454          0   46.01588

. 
. save "4_bunkering_matched.dta", replace
file 4_bunkering_matched.dta saved

. export excel "4_bunkering_matched.xlsx", firstrow(variables) replace
file 4_bunkering_matched.xlsx saved

. 
. di ""


. di "Stage 3 complete!"
Stage 3 complete!

. di "Output: 4_bunkering_matched.dta / 4_bunkering_matched.xlsx"
Output: 4_bunkering_matched.dta / 4_bunkering_matched.xlsx

. log close
      name:  <unnamed>
       log:  /Users/leiqixiang/Library/CloudStorage/OneDrive-个人/Project/Cherr
> y_Agent_DA/260509_dataanalysis/C3_external_match.log
  log type:  text
 closed on:  16 May 2026, 15:27:08
-------------------------------------------------------------------------------
