-------------------------------------------------------------------------------
      name:  <unnamed>
       log:  /Users/leiqixiang/Library/CloudStorage/OneDrive-个人/Project/Cherr
> y_Agent_DA/260509_dataanalysis/C3_match_anchorage.log
  log type:  text
 opened on:  16 May 2026, 15:23:18

. 
. di "Stage 3: Matching Anchorage Open Data"
Stage 3: Matching Anchorage Open Data

. di "=================================================="
==================================================

. 
. capture confirm file "锚地开放.dta"

. if _rc != 0 {
.     di as error "锚地开放.dta not found in working directory!"
.     di as text "Creating openhour variables with missing values..."
. 
.     import excel "3_bunkering_final.xlsx", firstrow clear
. 
.     gen openhour_6 = .
.     gen openhour_12 = .
.     gen openhour_24 = .
. 
.     save "3_bunkering_with_openhours.dta", replace
.     export excel "3_bunkering_with_openhours.xlsx", firstrow(variables) repla
> ce
. 
.     di as text "Stage 3 skipped - 锚地开放.dta not available"
.     log close
.     exit
. }

. 
. di "Loading bunkering final data..."
Loading bunkering final data...

. import excel "3_bunkering_final.xlsx", firstrow clear
(49 vars, 1,543 obs)

. 
. di "  Observations: " _N
  Observations: 1543

. di "  Variables: " c(k)
  Variables: 49

. 
. di "Converting startdate to Stata date..."
Converting startdate to Stata date...

. gen startdate_num = date(startdate, "DMY")

. format startdate_num %td

. drop if missing(startdate_num)
(0 observations deleted)

. 
. di "Creating reference hours since 1960-01-01..."
Creating reference hours since 1960-01-01...

. gen ref_hours = 24 * startdate_num + starthour

. 
. di "Filtering to transactions with valid port..."
Filtering to transactions with valid port...

. gen has_port = (port != "" & port != ".")

. keep if has_port == 1
(2 observations deleted)

. drop has_port

. 
. di "  Transactions with port: " _N
  Transactions with port: 1541

. 
. di "Creating row ID..."
Creating row ID...

. gen row_id = _n

. 
. di "Expanding to 49 rows per transaction (offsets -24 to +24)..."
Expanding to 49 rows per transaction (offsets -24 to +24)...

. expand 49
(73,968 observations created)

. bysort row_id: gen offset = _n - 25

. 
. di "  Total rows after expansion: " _N
  Total rows after expansion: 75509

. 
. di "Computing lookup date and hour..."
Computing lookup date and hour...

. gen lookup_hours = ref_hours + offset

. gen lookup_date = floor(lookup_hours / 24)

. gen lookup_hour = mod(lookup_hours, 24)

. format lookup_date %td

. 
. keep row_id transaction_id port offset lookup_date lookup_hour

. 
. di "Saving expanded bunkering data..."
Saving expanded bunkering data...

. tempfile expanded

. save `expanded'
file /var/folders/pn/bh_wd1k132lg9xntnp92pg5r0000gn/T//St71053.000002 saved
    as .dta format

. 
. di "Loading 锚地开放.dta..."
Loading 锚地开放.dta...

. use "锚地开放.dta", clear

. 
. di "  Anchorage observations: " _N
  Anchorage observations: 76680

. 
. di "Preparing anchorage data for merge..."
Preparing anchorage data for merge...

. rename date_numeric lookup_date

. rename hour lookup_hour

. 
. capture confirm string variable port

. if _rc != 0 {
.     destring port, replace
. }

. 
. keep lookup_date lookup_hour port status

. 
. di "Saving anchorage data..."
Saving anchorage data...

. tempfile anchorage

. save `anchorage'
file /var/folders/pn/bh_wd1k132lg9xntnp92pg5r0000gn/T//St71053.000003 saved
    as .dta format

. 
. di "Merging expanded bunkering with anchorage data..."
Merging expanded bunkering with anchorage data...

. use `expanded', clear

. merge m:1 lookup_date lookup_hour port using `anchorage'

    Result                      Number of obs
    -----------------------------------------
    Not matched                        47,657
        from master                     6,566  (_merge==1)
        from using                     41,091  (_merge==2)

    Matched                            68,943  (_merge==3)
    -----------------------------------------

. 
. di "  Merge results:"
  Merge results:

. tab _merge

   Matching result from |
                  merge |      Freq.     Percent        Cum.
------------------------+-----------------------------------
        Master only (1) |      6,566        5.63        5.63
         Using only (2) |     41,091       35.24       40.87
            Matched (3) |     68,943       59.13      100.00
------------------------+-----------------------------------
                  Total |    116,600      100.00

. 
. di "Computing open hour indicators..."
Computing open hour indicators...

. gen is_open = 0

. replace is_open = 1 if _merge == 3 & status == "Open"
(53,129 real changes made)

. 
. di "Counting open hours by window..."
Counting open hours by window...

. bysort row_id: egen openhour_6 = total(is_open * (abs(offset) <= 6))

. bysort row_id: egen openhour_12 = total(is_open * (abs(offset) <= 12))

. bysort row_id: egen openhour_24 = total(is_open * (abs(offset) <= 24))

. 
. di "Collapsing back to transaction level..."
Collapsing back to transaction level...

. keep row_id transaction_id openhour_6 openhour_12 openhour_24

. bysort row_id: keep if _n == 1
(115,058 observations deleted)

. drop row_id

. 
. di "  Transactions with open hours: " _N
  Transactions with open hours: 1542

. 
. di "Saving open hours data..."
Saving open hours data...

. tempfile openhours

. save `openhours'
file /var/folders/pn/bh_wd1k132lg9xntnp92pg5r0000gn/T//St71053.000004 saved
    as .dta format

. 
. di "Merging open hours back to bunkering data..."
Merging open hours back to bunkering data...

. import excel "3_bunkering_final.xlsx", firstrow clear
(49 vars, 1,543 obs)

. 
. merge 1:1 transaction_id using `openhours'

    Result                      Number of obs
    -----------------------------------------
    Not matched                             3
        from master                         2  (_merge==1)
        from using                          1  (_merge==2)

    Matched                             1,541  (_merge==3)
    -----------------------------------------

. drop _merge

. 
. replace openhour_6 = 0 if openhour_6 == . & port != "" & port != "."
(0 real changes made)

. replace openhour_12 = 0 if openhour_12 == . & port != "" & port != "."
(0 real changes made)

. replace openhour_24 = 0 if openhour_24 == . & port != "" & port != "."
(0 real changes made)

. 
. di "Summary of open hours:"
Summary of open hours:

. summarize openhour_6 openhour_12 openhour_24

    Variable |        Obs        Mean    Std. dev.       Min        Max
-------------+---------------------------------------------------------
  openhour_6 |      1,542    9.214656     5.44514          0         13
 openhour_12 |      1,542     17.7179    9.857001          0         25
 openhour_24 |      1,542     34.4546    17.61633          0         49

. 
. di "Saving intermediate result..."
Saving intermediate result...

. save "3_bunkering_with_openhours.dta", replace
(file 3_bunkering_with_openhours.dta not found)
file 3_bunkering_with_openhours.dta saved

. export excel "3_bunkering_with_openhours.xlsx", firstrow(variables) replace
file 3_bunkering_with_openhours.xlsx saved

. 
. di "Stage 3 (Anchorage matching) complete!"
Stage 3 (Anchorage matching) complete!

. log close
      name:  <unnamed>
       log:  /Users/leiqixiang/Library/CloudStorage/OneDrive-个人/Project/Cherr
> y_Agent_DA/260509_dataanalysis/C3_match_anchorage.log
  log type:  text
 closed on:  16 May 2026, 15:23:19
-------------------------------------------------------------------------------
