-------------------------------------------------------------------------------
      name:  <unnamed>
       log:  /Users/leiqixiang/Library/CloudStorage/OneDrive-个人/Project/Cherr
> y_Agent_DA/260509_dataanalysis/C4_analysis.log
  log type:  text
 opened on:  16 May 2026, 15:25:08

. 
. di "Stage 4: Statistical Analysis"
Stage 4: Statistical Analysis

. di "=================================================="
==================================================

. 
. di "Loading final matched dataset..."
Loading final matched dataset...

. use "4_bunkering_matched.dta", clear

. di "  Observations: " _N
  Observations: 1544

. di "  Variables: " c(k)
  Variables: 58

. 
. * ============================================================
. * Part A: Descriptive Statistics
. * ============================================================
. di ""


. di "Part A: Descriptive Statistics"
Part A: Descriptive Statistics

. di "=================================================="
==================================================

. 
. di "Transaction-level variables:"
Transaction-level variables:

. summarize duration supplier_n draught

    Variable |        Obs        Mean    Std. dev.       Min        Max
-------------+---------------------------------------------------------
    duration |      1,543    43.17239    252.2089          5       8756
  supplier_n |      1,543    1.282566    .4823749          0          5
     draught |      1,543    .0747116    .3636223      -3.27        3.6

. 
. di "Anchorage open hours:"
Anchorage open hours:

. summarize openhour_6 openhour_12 openhour_24

    Variable |        Obs        Mean    Std. dev.       Min        Max
-------------+---------------------------------------------------------
  openhour_6 |      1,542    9.214656     5.44514          0         13
 openhour_12 |      1,542     17.7179    9.857001          0         25
 openhour_24 |      1,542     34.4546    17.61633          0         49

. 
. di "Weather forecast open hours (V1 threshold):"
Weather forecast open hours (V1 threshold):

. summarize openhourf_6_v1 openhourf_12_v1 openhourf_24_v1

    Variable |        Obs        Mean    Std. dev.       Min        Max
-------------+---------------------------------------------------------
openhou~6_v1 |      1,542    9.553178     5.36743          0         13
openhou~2_v1 |      1,542    18.38716    9.675858          0         25
openhou~4_v1 |      1,542    36.00519    17.41444          0         49

. 
. di "Weather forecast open hours (V2 probability):"
Weather forecast open hours (V2 probability):

. summarize openhourf_6_v2 openhourf_12_v2 openhourf_24_v2

    Variable |        Obs        Mean    Std. dev.       Min        Max
-------------+---------------------------------------------------------
openhou~6_v2 |      1,542    8.203812    3.857125          0   12.20829
openhou~2_v2 |      1,542     15.7783    7.187134          0   23.47749
openhou~4_v2 |      1,542    30.89894    13.46454          0   46.01588

. 
. * ============================================================
. * Part B: Port Comparison
. * ============================================================
. di ""


. di "Part B: Port Comparison"
Part B: Port Comparison

. di "=================================================="
==================================================

. 
. encode port, gen(port_id)

. tab port

       port |      Freq.     Percent        Cum.
------------+-----------------------------------
     条帚门 |        550       35.69       35.69
     秀山东 |        466       30.24       65.93
     虾峙门 |        408       26.48       92.41
       衢山 |         21        1.36       93.77
       马峙 |         96        6.23      100.00
------------+-----------------------------------
      Total |      1,541      100.00

. 
. di "Mean duration by port:"
Mean duration by port:

. bysort port: summarize duration

-------------------------------------------------------------------------------
-> port = 

    Variable |        Obs        Mean    Std. dev.       Min        Max
-------------+---------------------------------------------------------
    duration |          2          38    1.414214         37         39

-------------------------------------------------------------------------------
-> port = 条帚门

    Variable |        Obs        Mean    Std. dev.       Min        Max
-------------+---------------------------------------------------------
    duration |        550    33.38909    25.89543          5        171

-------------------------------------------------------------------------------
-> port = 秀山东

    Variable |        Obs        Mean    Std. dev.       Min        Max
-------------+---------------------------------------------------------
    duration |        466    42.09442    212.3262          5       4534

-------------------------------------------------------------------------------
-> port = 虾峙门

    Variable |        Obs        Mean    Std. dev.       Min        Max
-------------+---------------------------------------------------------
    duration |        408     35.4902    37.22453          6        413

-------------------------------------------------------------------------------
-> port = 衢山

    Variable |        Obs        Mean    Std. dev.       Min        Max
-------------+---------------------------------------------------------
    duration |         21    32.04762    24.74566          7         99

-------------------------------------------------------------------------------
-> port = 马峙

    Variable |        Obs        Mean    Std. dev.       Min        Max
-------------+---------------------------------------------------------
    duration |         96    139.6458    889.7339          5       8756


. 
. di "Mean openhour_6 by port:"
Mean openhour_6 by port:

. bysort port: summarize openhour_6

-------------------------------------------------------------------------------
-> port = 

    Variable |        Obs        Mean    Std. dev.       Min        Max
-------------+---------------------------------------------------------
  openhour_6 |          1           0           .          0          0

-------------------------------------------------------------------------------
-> port = 条帚门

    Variable |        Obs        Mean    Std. dev.       Min        Max
-------------+---------------------------------------------------------
  openhour_6 |        550        8.44     5.79547          0         13

-------------------------------------------------------------------------------
-> port = 秀山东

    Variable |        Obs        Mean    Std. dev.       Min        Max
-------------+---------------------------------------------------------
  openhour_6 |        466     10.2382    4.829693          0         13

-------------------------------------------------------------------------------
-> port = 虾峙门

    Variable |        Obs        Mean    Std. dev.       Min        Max
-------------+---------------------------------------------------------
  openhour_6 |        408    8.848039    5.546449          0         13

-------------------------------------------------------------------------------
-> port = 衢山

    Variable |        Obs        Mean    Std. dev.       Min        Max
-------------+---------------------------------------------------------
  openhour_6 |         21    10.71429    4.890223          0         13

-------------------------------------------------------------------------------
-> port = 马峙

    Variable |        Obs        Mean    Std. dev.       Min        Max
-------------+---------------------------------------------------------
  openhour_6 |         96    10.01042     4.96195          0         13


. 
. di "Mean openhourf_6_v1 by port:"
Mean openhourf_6_v1 by port:

. bysort port: summarize openhourf_6_v1

-------------------------------------------------------------------------------
-> port = 

    Variable |        Obs        Mean    Std. dev.       Min        Max
-------------+---------------------------------------------------------
openhou~6_v1 |          1           0           .          0          0

-------------------------------------------------------------------------------
-> port = 条帚门

    Variable |        Obs        Mean    Std. dev.       Min        Max
-------------+---------------------------------------------------------
openhou~6_v1 |        550    9.214545    5.554939          0         13

-------------------------------------------------------------------------------
-> port = 秀山东

    Variable |        Obs        Mean    Std. dev.       Min        Max
-------------+---------------------------------------------------------
openhou~6_v1 |        466    9.892704    5.195663          0         13

-------------------------------------------------------------------------------
-> port = 虾峙门

    Variable |        Obs        Mean    Std. dev.       Min        Max
-------------+---------------------------------------------------------
openhou~6_v1 |        408    9.539216    5.293678          0         13

-------------------------------------------------------------------------------
-> port = 衢山

    Variable |        Obs        Mean    Std. dev.       Min        Max
-------------+---------------------------------------------------------
openhou~6_v1 |         21    10.66667    4.715224          0         13

-------------------------------------------------------------------------------
-> port = 马峙

    Variable |        Obs        Mean    Std. dev.       Min        Max
-------------+---------------------------------------------------------
openhou~6_v1 |         96    9.760417    5.442029          0         13


. 
. di "Mean openhourf_6_v2 by port:"
Mean openhourf_6_v2 by port:

. bysort port: summarize openhourf_6_v2

-------------------------------------------------------------------------------
-> port = 

    Variable |        Obs        Mean    Std. dev.       Min        Max
-------------+---------------------------------------------------------
openhou~6_v2 |          1           0           .          0          0

-------------------------------------------------------------------------------
-> port = 条帚门

    Variable |        Obs        Mean    Std. dev.       Min        Max
-------------+---------------------------------------------------------
openhou~6_v2 |        550    7.230551    3.739692          0   10.48969

-------------------------------------------------------------------------------
-> port = 秀山东

    Variable |        Obs        Mean    Std. dev.       Min        Max
-------------+---------------------------------------------------------
openhou~6_v2 |        466    9.705796    3.694544          0   12.20829

-------------------------------------------------------------------------------
-> port = 虾峙门

    Variable |        Obs        Mean    Std. dev.       Min        Max
-------------+---------------------------------------------------------
openhou~6_v2 |        408    7.541487    3.448108          0   10.52865

-------------------------------------------------------------------------------
-> port = 衢山

    Variable |        Obs        Mean    Std. dev.       Min        Max
-------------+---------------------------------------------------------
openhou~6_v2 |         21    8.997429    3.704171          0   11.76156

-------------------------------------------------------------------------------
-> port = 马峙

    Variable |        Obs        Mean    Std. dev.       Min        Max
-------------+---------------------------------------------------------
openhou~6_v2 |         96    9.215629    4.421965          0    12.1605


. 
. di "Mean supplier_n by port:"
Mean supplier_n by port:

. bysort port: summarize supplier_n

-------------------------------------------------------------------------------
-> port = 

    Variable |        Obs        Mean    Std. dev.       Min        Max
-------------+---------------------------------------------------------
  supplier_n |          2           1           0          1          1

-------------------------------------------------------------------------------
-> port = 条帚门

    Variable |        Obs        Mean    Std. dev.       Min        Max
-------------+---------------------------------------------------------
  supplier_n |        550    1.229091    .4458563          1          3

-------------------------------------------------------------------------------
-> port = 秀山东

    Variable |        Obs        Mean    Std. dev.       Min        Max
-------------+---------------------------------------------------------
  supplier_n |        466    1.341202    .4924133          1          3

-------------------------------------------------------------------------------
-> port = 虾峙门

    Variable |        Obs        Mean    Std. dev.       Min        Max
-------------+---------------------------------------------------------
  supplier_n |        408    1.284314    .4780684          0          3

-------------------------------------------------------------------------------
-> port = 衢山

    Variable |        Obs        Mean    Std. dev.       Min        Max
-------------+---------------------------------------------------------
  supplier_n |         21    1.047619    .2182179          1          2

-------------------------------------------------------------------------------
-> port = 马峙

    Variable |        Obs        Mean    Std. dev.       Min        Max
-------------+---------------------------------------------------------
  supplier_n |         96    1.354167    .6321087          1          5


. 
. di "Count by port:"
Count by port:

. tab port

       port |      Freq.     Percent        Cum.
------------+-----------------------------------
     条帚门 |        550       35.69       35.69
     秀山东 |        466       30.24       65.93
     虾峙门 |        408       26.48       92.41
       衢山 |         21        1.36       93.77
       马峙 |         96        6.23      100.00
------------+-----------------------------------
      Total |      1,541      100.00

. 
. * ============================================================
. * Part C: Correlation Matrix
. * ============================================================
. di ""


. di "Part C: Correlation Matrix"
Part C: Correlation Matrix

. di "=================================================="
==================================================

. 
. correlate duration openhour_6 openhour_12 openhour_24 ///
>     openhourf_6_v1 openhourf_12_v1 openhourf_24_v1 ///
>     openhourf_6_v2 openhourf_12_v2 openhourf_24_v2 supplier_n
(obs=1,541)

             | duration openho~6 openh~12 openh~24 ope~6_v1 ope~2_v1 ope~4_v1
-------------+---------------------------------------------------------------
    duration |   1.0000
  openhour_6 |  -0.0149   1.0000
 openhour_12 |  -0.0184   0.9789   1.0000
 openhour_24 |  -0.0198   0.9170   0.9610   1.0000
openhou~6_v1 |   0.0014   0.6171   0.6459   0.6584   1.0000
openhou~2_v1 |  -0.0040   0.6385   0.6696   0.6881   0.9784   1.0000
openhou~4_v1 |  -0.0055   0.6315   0.6681   0.7102   0.9152   0.9611   1.0000
openhou~6_v2 |   0.0192   0.6323   0.6657   0.6950   0.9256   0.9294   0.9059
openhou~2_v2 |   0.0158   0.6396   0.6739   0.7087   0.8997   0.9304   0.9245
openhou~4_v2 |   0.0158   0.6250   0.6623   0.7132   0.8438   0.8899   0.9338
  supplier_n |   0.0449  -0.0094  -0.0172  -0.0141  -0.0125  -0.0092  -0.0072

             | ope~6_v2 ope~2_v2 ope~4_v2 suppli~n
-------------+------------------------------------
openhou~6_v2 |   1.0000
openhou~2_v2 |   0.9900   1.0000
openhou~4_v2 |   0.9584   0.9814   1.0000
  supplier_n |   0.0152   0.0187   0.0209   1.0000


. 
. * ============================================================
. * Part D: Regression Analysis
. * ============================================================
. di ""


. di "Part D: Regression Analysis"
Part D: Regression Analysis

. di "=================================================="
==================================================

. 
. di "Regression: duration ~ openhour_24 + supplier_n"
Regression: duration ~ openhour_24 + supplier_n

. regress duration openhour_24 supplier_n

      Source |       SS           df       MS      Number of obs   =     1,541
-------------+----------------------------------   F(2, 1538)      =      1.84
       Model |  233794.802         2  116897.401   Prob > F        =    0.1596
    Residual |  97851749.8     1,538  63622.7242   R-squared       =    0.0024
-------------+----------------------------------   Adj R-squared   =    0.0011
       Total |  98085544.6     1,540  63691.9121   Root MSE        =    252.24

------------------------------------------------------------------------------
    duration | Coefficient  Std. err.      t    P>|t|     [95% conf. interval]
-------------+----------------------------------------------------------------
 openhour_24 |   -.274472    .365235    -0.75   0.452    -.9908833    .4419392
  supplier_n |   23.34763   13.32045     1.75   0.080    -2.780545     49.4758
       _cons |   22.68862   22.31469     1.02   0.309    -21.08181    66.45906
------------------------------------------------------------------------------

. 
. di "Regression with port fixed effects:"
Regression with port fixed effects:

. regress duration openhour_24 openhourf_24_v1 openhourf_24_v2 supplier_n i.por
> t_id

      Source |       SS           df       MS      Number of obs   =     1,541
-------------+----------------------------------   F(8, 1532)      =      2.85
       Model |  1440550.32         8   180068.79   Prob > F        =    0.0038
    Residual |  96644994.2     1,532  63084.1999   R-squared       =    0.0147
-------------+----------------------------------   Adj R-squared   =    0.0095
       Total |  98085544.6     1,540  63691.9121   Root MSE        =    251.17

------------------------------------------------------------------------------
    duration | Coefficient  Std. err.      t    P>|t|     [95% conf. interval]
-------------+----------------------------------------------------------------
 openhour_24 |  -.7049759   .5298213    -1.33   0.184    -1.744228    .3342758
openhou~4_v1 |  -2.151743   1.454776    -1.48   0.139    -5.005306    .7018193
openhou~4_v2 |   3.586097    1.94175     1.85   0.065    -.2226718    7.394866
  supplier_n |   20.04553   13.36279     1.50   0.134     -6.16577    46.25683
             |
     port_id |
     秀山东  |   -16.7286   21.79916    -0.77   0.443    -59.48795    26.03075
     虾峙门  |   .4782431    16.4474     0.03   0.977    -31.78355    32.74004
       衢山  |   -4.93706   56.29393    -0.09   0.930    -115.3584    105.4843
       马峙  |   85.57091     30.284     2.83   0.005     26.16844    144.9734
             |
       _cons |   8.081736   24.22649     0.33   0.739    -39.43885    55.60232
------------------------------------------------------------------------------

. 
. di "Regression: duration ~ openhour_6 + openhourf_6_v1 + openhourf_6_v2"
Regression: duration ~ openhour_6 + openhourf_6_v1 + openhourf_6_v2

. regress duration openhour_6 openhourf_6_v1 openhourf_6_v2 supplier_n

      Source |       SS           df       MS      Number of obs   =     1,541
-------------+----------------------------------   F(4, 1536)      =      1.87
       Model |  476201.192         4  119050.298   Prob > F        =    0.1126
    Residual |  97609343.4     1,536  63547.7496   R-squared       =    0.0049
-------------+----------------------------------   Adj R-squared   =    0.0023
       Total |  98085544.6     1,540  63691.9121   Root MSE        =    252.09

------------------------------------------------------------------------------
    duration | Coefficient  Std. err.      t    P>|t|     [95% conf. interval]
-------------+----------------------------------------------------------------
  openhour_6 |  -1.787331   1.532965    -1.17   0.244    -4.794256    1.219594
openhou~6_v1 |  -4.606359   3.190441    -1.44   0.149    -10.86444    1.651722
openhou~6_v2 |   8.749477   4.512623     1.94   0.053    -.1020753    17.60103
  supplier_n |   21.59747   13.34767     1.62   0.106    -4.584111    47.77906
       _cons |   4.159599   23.01984     0.18   0.857    -40.99404    49.31324
------------------------------------------------------------------------------

. 
. * ============================================================
. * Part E: Export Port Summary
. * ============================================================
. di ""


. di "Part E: Exporting Port Summary"
Part E: Exporting Port Summary

. di "=================================================="
==================================================

. 
. collapse (count) n_transactions = transaction_id ///
>     (mean) mean_duration = duration ///
>     (mean) mean_supplier_n = supplier_n ///
>     (mean) mean_openhour_6 = openhour_6 ///
>     (mean) mean_openhour_12 = openhour_12 ///
>     (mean) mean_openhour_24 = openhour_24 ///
>     (mean) mean_openhourf_6_v1 = openhourf_6_v1 ///
>     (mean) mean_openhourf_12_v1 = openhourf_12_v1 ///
>     (mean) mean_openhourf_24_v1 = openhourf_24_v1 ///
>     (mean) mean_openhourf_6_v2 = openhourf_6_v2 ///
>     (mean) mean_openhourf_12_v2 = openhourf_12_v2 ///
>     (mean) mean_openhourf_24_v2 = openhourf_24_v2, by(port)

. 
. di "Port summary table:"
Port summary table:

. list, noobs

  +-----------------------------------------------------------------+
  |   port | n_tran~s | mean_du~n | mean_su~n | mean_o~6 | mean_~12 |
  |        |        2 |        38 |         1 |        0 |        0 |
  |-------------------------------------------+----------+----------|
  | mean_~24 | mea~6_v1 | mea~2_v1 | mea~4_v1 | mea~6_v2 | mea~2_v2 |
  |        0 |        0 |        0 |        0 |        0 |        0 |
  |-----------------------------------------------------------------|
  |                            mea~4_v2                             |
  |                                   0                             |
  +-----------------------------------------------------------------+

  +-----------------------------------------------------------------+
  |   port | n_tran~s | mean_du~n | mean_su~n | mean_o~6 | mean_~12 |
  | 条帚门 |      550 | 33.389091 | 1.2290909 |     8.44 | 16.18909 |
  |-------------------------------------------+----------+----------|
  | mean_~24 | mea~6_v1 | mea~2_v1 | mea~4_v1 | mea~6_v2 | mea~2_v2 |
  | 31.36727 | 9.214545 | 17.73273 | 34.81273 | 7.230552 | 13.91898 |
  |-----------------------------------------------------------------|
  |                            mea~4_v2                             |
  |                            27.24154                             |
  +-----------------------------------------------------------------+

  +-----------------------------------------------------------------+
  |   port | n_tran~s | mean_du~n | mean_su~n | mean_o~6 | mean_~12 |
  | 秀山东 |      466 | 42.094421 | 1.3412017 |  10.2382 | 19.75751 |
  |-------------------------------------------+----------+----------|
  | mean_~24 | mea~6_v1 | mea~2_v1 | mea~4_v1 | mea~6_v2 | mea~2_v2 |
  | 38.64378 | 9.892704 | 19.00215 | 37.06438 | 9.705796 | 18.64796 |
  |-----------------------------------------------------------------|
  |                            mea~4_v2                             |
  |                            36.48874                             |
  +-----------------------------------------------------------------+

  +-----------------------------------------------------------------+
  |   port | n_tran~s | mean_du~n | mean_su~n | mean_o~6 | mean_~12 |
  | 虾峙门 |      408 | 35.490196 | 1.2843137 |  8.84804 | 16.94853 |
  |-------------------------------------------+----------+----------|
  | mean_~24 | mea~6_v1 | mea~2_v1 | mea~4_v1 | mea~6_v2 | mea~2_v2 |
  | 32.91912 | 9.539216 | 18.42402 | 36.21078 | 7.541487 |  14.5168 |
  |-----------------------------------------------------------------|
  |                            mea~4_v2                             |
  |                            28.52934                             |
  +-----------------------------------------------------------------+

  +-----------------------------------------------------------------+
  |   port | n_tran~s | mean_du~n | mean_su~n | mean_o~6 | mean_~12 |
  |   衢山 |       21 | 32.047619 | 1.0476191 | 10.71429 | 20.57143 |
  |-------------------------------------------+----------+----------|
  | mean_~24 | mea~6_v1 | mea~2_v1 | mea~4_v1 | mea~6_v2 | mea~2_v2 |
  | 39.04762 | 10.66667 | 20.28572 | 38.14286 | 8.997429 | 17.10342 |
  |-----------------------------------------------------------------|
  |                            mea~4_v2                             |
  |                            32.76658                             |
  +-----------------------------------------------------------------+

  +-----------------------------------------------------------------+
  |   port | n_tran~s | mean_du~n | mean_su~n | mean_o~6 | mean_~12 |
  |   马峙 |       96 | 139.64583 | 1.3541666 | 10.01042 | 19.40625 |
  |-------------------------------------------+----------+----------|
  | mean_~24 | mea~6_v1 | mea~2_v1 | mea~4_v1 | mea~6_v2 | mea~2_v2 |
  |  37.6875 | 9.760417 | 18.77083 | 36.72917 |  9.21563 | 17.73677 |
  |-----------------------------------------------------------------|
  |                            mea~4_v2                             |
  |                            34.70311                             |
  +-----------------------------------------------------------------+

. 
. export excel "C4_port_summary.xlsx", firstrow(variables) replace
file C4_port_summary.xlsx saved

. di "Exported: C4_port_summary.xlsx"
Exported: C4_port_summary.xlsx

. 
. di ""


. di "Stage 4 (Statistical Analysis) complete!"
Stage 4 (Statistical Analysis) complete!

. di "Final output: C4_port_summary.xlsx"
Final output: C4_port_summary.xlsx

. log close
      name:  <unnamed>
       log:  /Users/leiqixiang/Library/CloudStorage/OneDrive-个人/Project/Cherr
> y_Agent_DA/260509_dataanalysis/C4_analysis.log
  log type:  text
 closed on:  16 May 2026, 15:25:08
-------------------------------------------------------------------------------
