-------------------------------------------------------------------------------
      name:  <unnamed>
       log:  /Users/leiqixiang/Library/CloudStorage/OneDrive-个人/Project/Cherr
> y_Agent_DA/260509_dataanalysis/C4_match_weather.log
  log type:  text
 opened on:  16 May 2026, 15:15:21

. 
. di "Stage 4: Matching Weather Forecast Data"
Stage 4: Matching Weather Forecast Data

. di "=================================================="
==================================================

. 
. di "Step A: Build closure frequency table from anchorage + weather data"
Step A: Build closure frequency table from anchorage + weather data

. di "=================================================="
==================================================

. 
. di "Loading weather forecast data..."
Loading weather forecast data...

. use "气象预报.dta", clear

. di "  Weather observations: " _N
  Weather observations: 71976

. 
. di "Loading anchorage data..."
Loading anchorage data...

. merge 1:1 port date_numeric hour using "锚地开放.dta"

    Result                      Number of obs
    -----------------------------------------
    Not matched                         4,704
        from master                         0  (_merge==1)
        from using                      4,704  (_merge==2)

    Matched                            71,976  (_merge==3)
    -----------------------------------------

. di "  Merge results:"
  Merge results:

. tab _merge

   Matching result from |
                  merge |      Freq.     Percent        Cum.
------------------------+-----------------------------------
         Using only (2) |      4,704        6.13        6.13
            Matched (3) |     71,976       93.87      100.00
------------------------+-----------------------------------
                  Total |     76,680      100.00

. 
. di "Keeping matched records only..."
Keeping matched records only...

. keep if _merge == 3
(4,704 observations deleted)

. drop _merge

. 
. di "Computing closure frequency by (port, weather_index)..."
Computing closure frequency by (port, weather_index)...

. gen is_closed = (status == "Closed")

. collapse (mean) closure_freq = is_closed (count) n_obs = is_closed, by(port 
> 气象指数)

. rename 气象指数 weather_idx

. 
. di "Closure frequency table:"
Closure frequency table:

. list, sepby(port) noobs

  +--------------------------------------+
  |   port   weathe~x   closur~q   n_obs |
  |--------------------------------------|
  | 条帚门          1   .7963287    3432 |
  | 条帚门          2   .3620545    4770 |
  | 条帚门          3   .1912568     366 |
  | 条帚门          4   .1992455    5832 |
  |--------------------------------------|
  | 秀山东          1   .5568445    2586 |
  | 秀山东          2   .1631111    4500 |
  | 秀山东          3   .0628019     828 |
  | 秀山东          4   .0609004    6486 |
  |--------------------------------------|
  | 虾峙门          1    .778339    3564 |
  | 虾峙门          2   .3526448    4764 |
  | 虾峙门          3   .1901042     384 |
  | 虾峙门          4   .1981364    5688 |
  |--------------------------------------|
  |   衢山          1    .739726    3504 |
  |   衢山          2   .2800163    4914 |
  |   衢山          3   .2083333     552 |
  |   衢山          4   .0952645    5406 |
  |--------------------------------------|
  |   马峙          1   .6316872    1458 |
  |   马峙          2    .163142    3972 |
  |   马峙          3   .0935673    1026 |
  |   马峙          4    .064577    7944 |
  +--------------------------------------+

. 
. di "Saving closure frequency table..."
Saving closure frequency table...

. tempfile closure_freq

. save `closure_freq'
file /var/folders/pn/bh_wd1k132lg9xntnp92pg5r0000gn/T//St68638.000002 saved
    as .dta format

. 
. di ""


. di "Step B: Match weather data to bunkering transactions"
Step B: Match weather data to bunkering transactions

. di "=================================================="
==================================================

. 
. di "Loading bunkering data with open hours..."
Loading bunkering data with open hours...

. capture use "3_bunkering_with_openhours.dta", clear

. if _rc != 0 {
.     di as text "3_bunkering_with_openhours.dta not found, loading from Excel.
> .."
.     import excel "3_bunkering_final.xlsx", firstrow clear
.     gen openhour_6 = .
.     gen openhour_12 = .
.     gen openhour_24 = .
. }

. 
. di "  Observations: " _N
  Observations: 1544

. 
. di "Converting startdate to Stata date..."
Converting startdate to Stata date...

. gen startdate_num = date(startdate, "DMY")
(1 missing value generated)

. format startdate_num %td

. 
. di "Creating reference hours since 1960-01-01..."
Creating reference hours since 1960-01-01...

. gen ref_hours = 24 * startdate_num + starthour
(1 missing value generated)

. 
. di "Filtering to transactions with valid port..."
Filtering to transactions with valid port...

. gen has_port = (port != "" & port != ".")

. keep if has_port == 1
(3 observations deleted)

. drop has_port

. 
. di "  Transactions with port: " _N
  Transactions with port: 1541

. 
. di "Creating row ID..."
Creating row ID...

. gen row_id = _n

. 
. di "Expanding to 49 rows per transaction (offsets -24 to +24)..."
Expanding to 49 rows per transaction (offsets -24 to +24)...

. expand 49
(73,968 observations created)

. bysort row_id: gen offset = _n - 25

. 
. di "  Total rows after expansion: " _N
  Total rows after expansion: 75509

. 
. di "Computing lookup date and hour..."
Computing lookup date and hour...

. gen lookup_hours = ref_hours + offset

. gen lookup_date = floor(lookup_hours / 24)

. gen lookup_hour = mod(lookup_hours, 24)

. format lookup_date %td

. 
. keep row_id transaction_id port offset lookup_date lookup_hour

. 
. di "Saving expanded bunkering data..."
Saving expanded bunkering data...

. tempfile expanded

. save `expanded'
file /var/folders/pn/bh_wd1k132lg9xntnp92pg5r0000gn/T//St68638.000003 saved
    as .dta format

. 
. di "Loading weather forecast data..."
Loading weather forecast data...

. use "气象预报.dta", clear

. 
. di "  Weather forecast observations: " _N
  Weather forecast observations: 71976

. 
. di "Preparing weather data for merge..."
Preparing weather data for merge...

. rename date_numeric lookup_date

. rename hour lookup_hour

. rename 气象指数 weather_idx

. 
. keep lookup_date lookup_hour port weather_idx

. 
. di "Saving weather data..."
Saving weather data...

. tempfile weather

. save `weather'
file /var/folders/pn/bh_wd1k132lg9xntnp92pg5r0000gn/T//St68638.000004 saved
    as .dta format

. 
. di "Merging expanded bunkering with weather data..."
Merging expanded bunkering with weather data...

. use `expanded', clear

. merge m:1 lookup_date lookup_hour port using `weather'

    Result                      Number of obs
    -----------------------------------------
    Not matched                        46,366
        from master                     8,587  (_merge==1)
        from using                     37,779  (_merge==2)

    Matched                            66,922  (_merge==3)
    -----------------------------------------

. 
. di "  Merge results:"
  Merge results:

. tab _merge

   Matching result from |
                  merge |      Freq.     Percent        Cum.
------------------------+-----------------------------------
        Master only (1) |      8,587        7.58        7.58
         Using only (2) |     37,779       33.35       40.93
            Matched (3) |     66,922       59.07      100.00
------------------------+-----------------------------------
                  Total |    113,288      100.00

. 
. di "Computing V1 (threshold) open indicators..."
Computing V1 (threshold) open indicators...

. gen is_open_v1 = 0

. replace is_open_v1 = 1 if _merge == 3 & weather_idx >= 2
(55,520 real changes made)

. 
. di "Merging closure frequency table for V2..."
Merging closure frequency table for V2...

. drop _merge

. merge m:1 port weather_idx using `closure_freq'

    Result                      Number of obs
    -----------------------------------------
    Not matched                         8,587
        from master                     8,587  (_merge==1)
        from using                          0  (_merge==2)

    Matched                           104,701  (_merge==3)
    -----------------------------------------

. di "  Closure freq merge results:"
  Closure freq merge results:

. tab _merge

   Matching result from |
                  merge |      Freq.     Percent        Cum.
------------------------+-----------------------------------
        Master only (1) |      8,587        7.58        7.58
            Matched (3) |    104,701       92.42      100.00
------------------------+-----------------------------------
                  Total |    113,288      100.00

. 
. di "Computing V2 (probability) open values..."
Computing V2 (probability) open values...

. gen open_prob_v2 = 0

. replace open_prob_v2 = 1 - closure_freq if !missing(closure_freq) & _merge ==
>  3
(104,701 real changes made)

. drop _merge

. 
. di "Counting V1 open hours by window..."
Counting V1 open hours by window...

. bysort row_id: egen openhourf_6_v1 = total(is_open_v1 * (abs(offset) <= 6))

. bysort row_id: egen openhourf_12_v1 = total(is_open_v1 * (abs(offset) <= 12))

. bysort row_id: egen openhourf_24_v1 = total(is_open_v1 * (abs(offset) <= 24))

. 
. di "Summing V2 open probabilities by window..."
Summing V2 open probabilities by window...

. bysort row_id: egen openhourf_6_v2 = total(open_prob_v2 * (abs(offset) <= 6))

. bysort row_id: egen openhourf_12_v2 = total(open_prob_v2 * (abs(offset) <= 12
> ))

. bysort row_id: egen openhourf_24_v2 = total(open_prob_v2 * (abs(offset) <= 24
> ))

. 
. di "Collapsing back to transaction level..."
Collapsing back to transaction level...

. keep row_id transaction_id openhourf_6_v1 openhourf_12_v1 openhourf_24_v1 ///
>      openhourf_6_v2 openhourf_12_v2 openhourf_24_v2

. bysort row_id: keep if _n == 1
(111,746 observations deleted)

. drop row_id

. 
. di "  Transactions with weather data: " _N
  Transactions with weather data: 1542

. 
. di "Saving weather match data..."
Saving weather match data...

. tempfile weather_match

. save `weather_match'
file /var/folders/pn/bh_wd1k132lg9xntnp92pg5r0000gn/T//St68638.000005 saved
    as .dta format

. 
. di "Merging weather data back to bunkering data..."
Merging weather data back to bunkering data...

. capture use "3_bunkering_with_openhours.dta", clear

. if _rc != 0 {
.     import excel "3_bunkering_final.xlsx", firstrow clear
.     gen openhour_6 = .
.     gen openhour_12 = .
.     gen openhour_24 = .
. }

. 
. merge 1:1 transaction_id using `weather_match'

    Result                      Number of obs
    -----------------------------------------
    Not matched                             2
        from master                         2  (_merge==1)
        from using                          0  (_merge==2)

    Matched                             1,542  (_merge==3)
    -----------------------------------------

. drop _merge

. 
. replace openhourf_6_v1 = 0 if openhourf_6_v1 == . & port != "" & port != "."
(0 real changes made)

. replace openhourf_12_v1 = 0 if openhourf_12_v1 == . & port != "" & port != ".
> "
(0 real changes made)

. replace openhourf_24_v1 = 0 if openhourf_24_v1 == . & port != "" & port != ".
> "
(0 real changes made)

. replace openhourf_6_v2 = 0 if openhourf_6_v2 == . & port != "" & port != "."
(0 real changes made)

. replace openhourf_12_v2 = 0 if openhourf_12_v2 == . & port != "" & port != ".
> "
(0 real changes made)

. replace openhourf_24_v2 = 0 if openhourf_24_v2 == . & port != "" & port != ".
> "
(0 real changes made)

. 
. di "Summary of weather forecast open hours (V1 threshold):"
Summary of weather forecast open hours (V1 threshold):

. summarize openhourf_6_v1 openhourf_12_v1 openhourf_24_v1

    Variable |        Obs        Mean    Std. dev.       Min        Max
-------------+---------------------------------------------------------
openhou~6_v1 |      1,542    9.553178     5.36743          0         13
openhou~2_v1 |      1,542    18.38716    9.675858          0         25
openhou~4_v1 |      1,542    36.00519    17.41444          0         49

. 
. di "Summary of weather forecast open hours (V2 probability):"
Summary of weather forecast open hours (V2 probability):

. summarize openhourf_6_v2 openhourf_12_v2 openhourf_24_v2

    Variable |        Obs        Mean    Std. dev.       Min        Max
-------------+---------------------------------------------------------
openhou~6_v2 |      1,542    8.203812    3.857125          0   12.20829
openhou~2_v2 |      1,542     15.7783    7.187134          0   23.47749
openhou~4_v2 |      1,542    30.89894    13.46454          0   46.01588

. 
. di "Saving final result..."
Saving final result...

. save "4_bunkering_matched.dta", replace
file 4_bunkering_matched.dta saved

. export excel "4_bunkering_matched.xlsx", firstrow(variables) replace
file 4_bunkering_matched.xlsx saved

. 
. di "Stage 4 (Weather matching) complete!"
Stage 4 (Weather matching) complete!

. di "Final output: 4_bunkering_matched.xlsx"
Final output: 4_bunkering_matched.xlsx

. log close
      name:  <unnamed>
       log:  /Users/leiqixiang/Library/CloudStorage/OneDrive-个人/Project/Cherr
> y_Agent_DA/260509_dataanalysis/C4_match_weather.log
  log type:  text
 closed on:  16 May 2026, 15:15:22
-------------------------------------------------------------------------------
